 Image ghcr.io/arquisoft/yovi_en3b-users:latest Building 
 Image ghcr.io/arquisoft/yovi_en3b-webapp:latest Building 
 Image ghcr.io/arquisoft/yovi_en3b-gamey:latest Building 
#1 [internal] load local bake definitions
#1 reading from stdin 1.76kB done
#1 DONE 0.0s

#2 [users internal] load build definition from Dockerfile
#2 transferring dockerfile: 179B 0.0s done
#2 DONE 0.0s

#3 [users internal] load metadata for docker.io/library/node:22-alpine
#3 DONE 0.0s

#4 [users internal] load .dockerignore
#4 transferring context: 2B done
#4 DONE 0.0s

#5 [gamey internal] load build definition from Dockerfile
#5 transferring dockerfile: 798B 0.0s done
#5 DONE 0.0s

#6 [users 1/5] FROM docker.io/library/node:22-alpine
#6 DONE 0.0s

#7 [users internal] load build context
#7 ...

#8 [webapp internal] load build definition from Dockerfile
#8 transferring dockerfile: 626B done
#8 DONE 0.0s

#3 [webapp internal] load metadata for docker.io/library/node:22-alpine
#3 DONE 0.0s

#7 [users internal] load build context
#7 transferring context: 260.58kB 0.9s done
#7 DONE 0.9s

#9 [users 2/5] WORKDIR /app
#9 CACHED

#10 [users 3/5] COPY package.json package-lock.json ./
#10 CACHED

#11 [users 4/5] RUN npm ci --silent
#11 CACHED

#12 [users 5/5] COPY . .
#12 CACHED

#13 [users] exporting to image
#13 exporting layers done
#13 writing image sha256:9b2771de52371b2a2d6f523539c0e8eb079a2f4fb00b4efdc4a127071ec0f56d done
#13 naming to ghcr.io/arquisoft/yovi_en3b-users:latest done
#13 DONE 0.0s

#14 [users] resolving provenance for metadata file
#14 DONE 0.0s

#15 [webapp internal] load metadata for docker.io/library/nginx:stable-alpine
#15 DONE 0.7s

#16 [webapp internal] load .dockerignore
#16 transferring context: 52B done
#16 DONE 0.0s

#6 [webapp builder 1/6] FROM docker.io/library/node:22-alpine
#6 DONE 0.0s

#17 [gamey internal] load metadata for docker.io/library/debian:bookworm-slim
#17 DONE 0.9s

#18 [webapp stage-1 1/2] FROM docker.io/library/nginx:stable-alpine@sha256:0272e4604ed93c1792f03695a033a6e8546840f86e0de20a884bb17d2c924883
#18 resolve docker.io/library/nginx:stable-alpine@sha256:0272e4604ed93c1792f03695a033a6e8546840f86e0de20a884bb17d2c924883 0.0s done
#18 DONE 0.0s

#19 [gamey internal] load metadata for docker.io/library/rust:latest
#19 DONE 1.0s

#20 [gamey internal] load .dockerignore
#20 transferring context: 2B done
#20 DONE 0.0s

#21 [gamey stage-1 1/4] FROM docker.io/library/debian:bookworm-slim@sha256:f9c6a2fd2ddbc23e336b6257a5245e31f996953ef06cd13a59fa0a1df2d5c252
#21 DONE 0.0s

#22 [gamey builder 1/6] FROM docker.io/library/rust:latest@sha256:aeef749bb0cc7b1ee1b9287f989ecb1882cb59250e0b53aa501f060a15864658
#22 DONE 0.0s

#23 [gamey internal] load build context
#23 transferring context: 1.44kB 0.0s done
#23 DONE 0.0s

#24 [webapp internal] load build context
#24 transferring context: 2.25MB 0.2s done
#24 DONE 0.2s

#9 [webapp builder 2/6] WORKDIR /app
#9 CACHED

#25 [webapp builder 3/6] COPY package.json package-lock.json ./
#25 CACHED

#26 [webapp builder 4/6] RUN npm ci --silent
#26 CACHED

#27 [gamey builder 2/6] WORKDIR /app/gamey
#27 CACHED

#28 [gamey builder 4/6] COPY Cargo.toml Cargo.lock ./
#28 CACHED

#29 [gamey builder 3/6] COPY benches ./benches
#29 CACHED

#30 [gamey builder 5/6] COPY src/ ./src/
#30 CACHED

#31 [webapp builder 5/6] COPY . .
#31 DONE 0.3s

#32 [gamey builder 6/6] RUN cargo build --release
#32 1.009     Updating crates.io index
#32 ...

#33 [webapp builder 6/6] RUN export VITE_API_URL=http://localhost:3000 && export VITE_GAMEY_URL=http://localhost:4000 && npm run build
#33 1.267 
#33 1.267 > webapp@0.0.0 build
#33 1.267 > tsc -b && vite build
#33 1.267 
#33 ...

#32 [gamey builder 6/6] RUN cargo build --release
#32 16.64  Downloading crates ...
#32 17.21   Downloaded atomic-waker v1.1.2
#32 17.22   Downloaded anstyle-query v1.1.5
#32 17.24   Downloaded rand_chacha v0.9.0
#32 17.26   Downloaded dotenv v0.15.0
#32 17.29   Downloaded cfg_aliases v0.2.1
#32 17.31   Downloaded clap_lex v0.7.6
#32 17.32   Downloaded endian-type v0.1.2
#32 17.33   Downloaded colorchoice v1.0.4
#32 17.35   Downloaded anstream v0.6.21
#32 17.37   Downloaded fd-lock v4.0.4
#32 17.40   Downloaded fnv v1.0.7
#32 17.41   Downloaded errno v0.3.14
#32 17.42   Downloaded cfg-if v1.0.4
#32 17.44   Downloaded openssl-probe v0.2.1
#32 17.45   Downloaded equivalent v1.0.2
#32 17.48   Downloaded utf8parse v0.2.2
#32 17.53   Downloaded strsim v0.11.1
#32 17.55   Downloaded percent-encoding v2.3.2
#32 17.57   Downloaded rand_core v0.9.3
#32 17.58   Downloaded idna_adapter v1.2.1
#32 17.59   Downloaded httpdate v1.0.3
#32 17.61   Downloaded matchers v0.2.0
#32 17.68   Downloaded potential_utf v0.1.4
#32 17.70   Downloaded stable_deref_trait v1.2.1
#32 17.72   Downloaded home v0.5.12
#32 17.75   Downloaded heck v0.5.0
#32 17.76   Downloaded futures-sink v0.3.32
#32 17.77   Downloaded futures-core v0.3.31
#32 17.78   Downloaded itoa v1.0.16
#32 17.80   Downloaded tinystr v0.8.2
#32 17.82   Downloaded rustls-pki-types v1.14.0
#32 17.84   Downloaded http-body v1.0.1
#32 17.85   Downloaded tower-service v0.3.3
#32 17.86   Downloaded sync_wrapper v1.0.2
#32 17.87   Downloaded lazy_static v1.5.0
#32 17.88   Downloaded openssl-macros v0.1.1
#32 17.89   Downloaded is_terminal_polyfill v1.70.2
#32 17.90   Downloaded futures-task v0.3.31
#32 17.91   Downloaded zerofrom-derive v0.1.6
#32 17.93   Downloaded utf8_iter v1.0.4
#32 17.94   Downloaded want v0.3.1
#32 17.95   Downloaded scopeguard v1.2.0
#32 17.96   Downloaded serde_urlencoded v0.7.1
#32 17.97   Downloaded foreign-types-shared v0.1.1
#32 17.99   Downloaded nibble_vec v0.1.0
#32 18.00   Downloaded hyper-tls v0.6.0
#32 18.05   Downloaded form_urlencoded v1.2.2
#32 18.05   Downloaded zerofrom v0.1.6
#32 18.07   Downloaded foreign-types v0.3.2
#32 18.08   Downloaded find-msvc-tools v0.1.9
#32 18.10   Downloaded axum-core v0.5.6
#32 18.13   Downloaded anstyle-parse v0.2.7
#32 18.15   Downloaded subtle v2.6.1
#32 18.16   Downloaded anstyle v1.0.13
#32 18.35   Downloaded displaydoc v0.2.5
#32 18.38   Downloaded try-lock v0.2.5
#32 18.39   Downloaded tower-layer v0.3.3
#32 18.40   Downloaded mime v0.3.17
#32 18.43   Downloaded synstructure v0.13.2
#32 18.45   Downloaded serde_path_to_error v0.1.20
#32 18.48   Downloaded yoke-derive v0.8.1
#32 18.49   Downloaded slab v0.4.12
#32 18.50   Downloaded pin-utils v0.1.0
#32 18.52   Downloaded quote v1.0.42
#32 18.54   Downloaded ipnet v2.12.0
#32 18.56   Downloaded http-body-util v0.1.3
#32 18.58   Downloaded pin-project-lite v0.2.16
#32 18.64   Downloaded native-tls v0.2.18
#32 18.65   Downloaded nu-ansi-term v0.50.3
#32 18.67   Downloaded ppv-lite86 v0.2.21
#32 18.69   Downloaded futures-channel v0.3.31
#32 18.71   Downloaded shlex v1.3.0
#32 18.80   Downloaded smallvec v1.15.1
#32 18.83   Downloaded clap_derive v4.5.49
#32 18.85   Downloaded tracing-log v0.2.0
#32 18.87   Downloaded bitflags v2.10.0
#32 18.91   Downloaded tokio-native-tls v0.3.1
#32 18.93   Downloaded parking_lot_core v0.9.12
#32 18.96   Downloaded getrandom v0.2.17
#32 18.99   Downloaded parking_lot v0.12.5
#32 19.02   Downloaded once_cell v1.21.3
#32 19.04   Downloaded zeroize v1.8.2
#32 19.06   Downloaded writeable v0.6.2
#32 19.08   Downloaded zerovec-derive v0.11.2
#32 19.09   Downloaded anyhow v1.0.100
#32 19.13   Downloaded clap v4.5.53
#32 19.20   Downloaded axum-macros v0.5.0
#32 19.29   Downloaded yoke v0.8.1
#32 19.31   Downloaded icu_properties v2.1.2
#32 19.33   Downloaded tracing-attributes v0.1.31
#32 19.35   Downloaded getrandom v0.3.4
#32 19.38   Downloaded icu_provider v2.1.1
#32 19.40   Downloaded proc-macro2 v1.0.103
#32 19.42   Downloaded signal-hook-registry v1.4.7
#32 19.44   Downloaded ryu v1.0.21
#32 19.46   Downloaded httparse v1.10.1
#32 19.49   Downloaded untrusted v0.9.0
#32 19.50   Downloaded pkg-config v0.3.32
#32 19.51   Downloaded thread_local v1.1.9
#32 19.53   Downloaded lock_api v0.4.14
#32 19.54   Downloaded litemap v0.8.1
#32 19.55   Downloaded tokio-rustls v0.26.4
#32 19.57   Downloaded matchit v0.8.4
#32 19.59   Downloaded log v0.4.29
#32 19.61   Downloaded tokio-macros v2.6.0
#32 19.62   Downloaded getrandom v0.4.2
#32 19.65   Downloaded openssl-sys v0.9.111
#32 19.70   Downloaded thiserror-impl v1.0.69
#32 19.71   Downloaded bytes v1.11.0
#32 19.75   Downloaded unicode-ident v1.0.22
#32 19.77   Downloaded memchr v2.7.6
#32 19.81   Downloaded uuid v1.22.0
#32 19.83   Downloaded rand v0.9.2
#32 19.86   Downloaded hyper-util v0.1.19
#32 19.92   Downloaded mio v1.1.1
#32 19.96   Downloaded serde_derive v1.0.228
#32 19.98   Downloaded http v1.4.0
#32 20.01   Downloaded sharded-slab v0.1.7
#32 20.04   Downloaded zerotrie v0.2.3
#32 20.07   Downloaded indexmap v2.13.0
#32 20.10   Downloaded iri-string v0.7.10
#32 20.16   Downloaded idna v1.1.0
#32 20.19   Downloaded serde v1.0.228
#32 20.21   Downloaded zerocopy-derive v0.8.31
#32 20.27   Downloaded hyper v1.8.1
#32 20.33   Downloaded url v2.5.8
#32 20.35   Downloaded h2 v0.4.13
#32 20.41   Downloaded radix_trie v0.2.1
#32 20.45   Downloaded axum v0.8.8
#32 20.51   Downloaded clap_builder v4.5.53
#32 20.57   Downloaded tower v0.5.2
#32 20.65   Downloaded openssl v0.10.75
#32 20.74   Downloaded unicode-segmentation v1.12.0
#32 20.76   Downloaded nix v0.30.1
#32 20.87   Downloaded zerovec v0.11.5
#32 20.92   Downloaded tower-http v0.6.8
#32 20.99   Downloaded serde_json v1.0.146
#32 21.06   Downloaded reqwest v0.12.28
#32 21.11   Downloaded tokio-util v0.7.18
#32 21.17   Downloaded rustyline v17.0.2
#32 21.22   Downloaded tracing-subscriber v0.3.22
#32 21.29   Downloaded vcpkg v0.2.15
#32 21.69   Downloaded rustls-webpki v0.103.9
#32 21.71   Downloaded zerocopy v0.8.31
#32 21.87   Downloaded syn v2.0.111
#32 21.94   Downloaded unicode-width v0.2.2
#32 21.97   Downloaded regex-syntax v0.8.8
#32 22.01   Downloaded icu_properties_data v2.1.2
#32 22.07   Downloaded rustls v0.23.37
#32 22.14   Downloaded futures-util v0.3.31
#32 22.22   Downloaded aho-corasick v1.1.4
#32 22.25   Downloaded rustix v1.1.3
#32 22.41   Downloaded hashbrown v0.16.1
#32 22.45   Downloaded cc v1.2.56
#32 22.48   Downloaded tracing-core v0.1.36
#32 22.50   Downloaded tracing v0.1.44
#32 22.60   Downloaded serde_core v1.0.228
#32 22.62   Downloaded icu_normalizer v2.1.1
#32 22.65   Downloaded libc v0.2.178
#32 22.91   Downloaded socket2 v0.6.1
#32 22.92   Downloaded icu_normalizer_data v2.1.1
#32 22.93   Downloaded regex-automata v0.4.13
#32 23.02   Downloaded icu_locale_core v2.1.1
#32 23.05   Downloaded icu_collections v2.1.1
#32 23.09   Downloaded base64 v0.22.1
#32 23.12   Downloaded thiserror v1.0.69
#32 23.15   Downloaded hyper-rustls v0.27.7
#32 23.17   Downloaded tokio v1.48.0
#32 ...

#33 [webapp builder 6/6] RUN export VITE_API_URL=http://localhost:3000 && export VITE_GAMEY_URL=http://localhost:4000 && npm run build
#33 22.99 vite v7.3.2 building client environment for production...
#33 23.34 transforming...
#33 23.83 node_modules/react-router/dist/development/index.mjs (11:0): Module level directives cause errors when bundled, "use client" in "node_modules/react-router/dist/development/index.mjs" was ignored.
#33 23.98 node_modules/react-router/dist/development/dom-export.mjs (1:0): Module level directives cause errors when bundled, "use client" in "node_modules/react-router/dist/development/dom-export.mjs" was ignored.
#33 ...

#32 [gamey builder 6/6] RUN cargo build --release
#32 23.40   Downloaded ring v0.17.14
#32 23.64   Downloaded encoding_rs v0.8.35
#32 23.95   Downloaded linux-raw-sys v0.11.0
#32 24.61    Compiling proc-macro2 v1.0.103
#32 24.61    Compiling unicode-ident v1.0.22
#32 24.61    Compiling quote v1.0.42
#32 24.61    Compiling libc v0.2.178
#32 24.61    Compiling cfg-if v1.0.4
#32 24.62    Compiling smallvec v1.15.1
#32 24.62    Compiling pin-project-lite v0.2.16
#32 24.63    Compiling once_cell v1.21.3
#32 24.85    Compiling bytes v1.11.0
#32 25.07    Compiling log v0.4.29
#32 25.14    Compiling itoa v1.0.16
#32 26.34    Compiling futures-core v0.3.31
#32 26.45    Compiling stable_deref_trait v1.2.1
#32 26.60    Compiling parking_lot_core v0.9.12
#32 26.72    Compiling scopeguard v1.2.0
#32 27.15    Compiling lock_api v0.4.14
#32 27.20    Compiling tracing-core v0.1.36
#32 27.24    Compiling find-msvc-tools v0.1.9
#32 27.33    Compiling shlex v1.3.0
#32 28.01    Compiling bitflags v2.10.0
#32 28.66    Compiling cc v1.2.56
#32 28.72    Compiling pkg-config v0.3.32
#32 28.79    Compiling vcpkg v0.2.15
#32 32.72    Compiling syn v2.0.111
#32 33.02    Compiling http v1.4.0
#32 33.57    Compiling serde_core v1.0.228
#32 34.07    Compiling litemap v0.8.1
#32 35.43    Compiling writeable v0.6.2
#32 36.07    Compiling pin-utils v0.1.0
#32 36.36    Compiling equivalent v1.0.2
#32 36.78    Compiling futures-task v0.3.31
#32 37.06    Compiling tower-service v0.3.3
#32 37.80    Compiling percent-encoding v2.3.2
#32 37.99    Compiling icu_normalizer_data v2.1.1
#32 38.19    Compiling hashbrown v0.16.1
#32 38.81    Compiling futures-sink v0.3.32
#32 39.73    Compiling socket2 v0.6.1
#32 39.73    Compiling mio v1.1.1
#32 ...

#33 [webapp builder 6/6] RUN export VITE_API_URL=http://localhost:3000 && export VITE_GAMEY_URL=http://localhost:4000 && npm run build
#33 39.87 node_modules/sonner/dist/index.mjs (1:0): Module level directives cause errors when bundled, "use client" in "node_modules/sonner/dist/index.mjs" was ignored.
#33 ...

#32 [gamey builder 6/6] RUN cargo build --release
#32 41.41    Compiling parking_lot v0.12.5
#32 42.57    Compiling signal-hook-registry v1.4.7
#32 44.89    Compiling openssl-sys v0.9.111
#32 45.48    Compiling http-body v1.0.1
#32 46.46    Compiling httparse v1.10.1
#32 48.20    Compiling icu_properties_data v2.1.2
#32 48.58    Compiling indexmap v2.13.0
#32 49.19    Compiling futures-util v0.3.31
#32 ...

#33 [webapp builder 6/6] RUN export VITE_API_URL=http://localhost:3000 && export VITE_GAMEY_URL=http://localhost:4000 && npm run build
#33 49.01 ✓ 1788 modules transformed.
#33 51.14 rendering chunks...
#33 51.21 computing gzip size...
#33 51.35 dist/index.html                   0.47 kB │ gzip:  0.30 kB
#33 51.35 dist/assets/cubic-B5MAaVod.ttf   38.65 kB
#33 51.35 dist/assets/index-DQ6RTPZa.css   46.38 kB │ gzip:  9.03 kB
#33 51.35 dist/assets/index-1I3IEUXA.js   281.38 kB │ gzip: 90.69 kB
#33 51.36 ✓ built in 28.20s
#33 DONE 52.5s

#32 [gamey builder 6/6] RUN cargo build --release
#32 49.93    Compiling fnv v1.0.7
#32 50.28    Compiling atomic-waker v1.1.2
#32 50.33    Compiling try-lock v0.2.5
#32 50.89    Compiling slab v0.4.12
#32 50.92    Compiling openssl v0.10.75
#32 51.83    Compiling foreign-types-shared v0.1.1
#32 52.07    Compiling want v0.3.1
#32 52.15    Compiling foreign-types v0.3.2
#32 53.85    Compiling futures-channel v0.3.31
#32 55.46    Compiling sync_wrapper v1.0.2
#32 55.51    Compiling native-tls v0.2.18
#32 56.08    Compiling getrandom v0.3.4
#32 56.34    Compiling serde v1.0.228
#32 57.13    Compiling httpdate v1.0.3
#32 57.68    Compiling zerocopy v0.8.31
#32 57.71    Compiling tower-layer v0.3.3
#32 58.15    Compiling utf8parse v0.2.2
#32 58.99    Compiling http-body-util v0.1.3
#32 59.43    Compiling form_urlencoded v1.2.2
#32 ...

#18 [webapp stage-1 1/2] FROM docker.io/library/nginx:stable-alpine@sha256:0272e4604ed93c1792f03695a033a6e8546840f86e0de20a884bb17d2c924883
#18 CACHED

#32 [gamey builder 6/6] RUN cargo build --release
#32 60.72    Compiling rustix v1.1.3
#32 ...

#34 [webapp stage-1 2/2] COPY --from=builder /app/dist /usr/share/nginx/html
#34 DONE 0.2s

#35 [webapp] exporting to image
#35 exporting layers
#35 exporting layers 0.2s done
#35 writing image sha256:51601165eb9062d4fafd2fc933f5c000c75cb241a8d6d7ce7a3ab38a7571d52f 0.0s done
#35 naming to ghcr.io/arquisoft/yovi_en3b-webapp:latest 0.0s done
#35 DONE 0.2s

#32 [gamey builder 6/6] RUN cargo build --release
#32 61.26    Compiling memchr v2.7.6
#32 ...

#36 [webapp] resolving provenance for metadata file
#36 DONE 0.1s

#32 [gamey builder 6/6] RUN cargo build --release
#32 61.45    Compiling ryu v1.0.21
#32 61.47    Compiling openssl-probe v0.2.1
#32 61.62    Compiling cfg_aliases v0.2.1
#32 61.90    Compiling serde_json v1.0.146
#32 62.44    Compiling base64 v0.22.1
#32 62.47    Compiling ipnet v2.12.0
#32 62.97    Compiling synstructure v0.13.2
#32 63.45    Compiling nix v0.30.1
#32 65.55    Compiling anstyle-parse v0.2.7
#32 66.46    Compiling anstyle-query v1.1.5
#32 66.56    Compiling is_terminal_polyfill v1.70.2
#32 66.83    Compiling anstyle v1.0.13
#32 66.87    Compiling mime v0.3.17
#32 66.95    Compiling colorchoice v1.0.4
#32 67.04    Compiling getrandom v0.4.2
#32 67.38    Compiling utf8_iter v1.0.4
#32 68.00    Compiling regex-syntax v0.8.8
#32 68.28    Compiling linux-raw-sys v0.11.0
#32 68.44    Compiling anstream v0.6.21
#32 70.48    Compiling rand_core v0.9.3
#32 71.81    Compiling nibble_vec v0.1.0
#32 72.39    Compiling anyhow v1.0.100
#32 72.53    Compiling endian-type v0.1.2
#32 72.79    Compiling strsim v0.11.1
#32 73.27    Compiling lazy_static v1.5.0
#32 73.50    Compiling thiserror v1.0.69
#32 73.78    Compiling iri-string v0.7.10
#32 74.61    Compiling zeroize v1.8.2
#32 75.08    Compiling zerofrom-derive v0.1.6
#32 75.62    Compiling yoke-derive v0.8.1
#32 76.02    Compiling zerovec-derive v0.11.2
#32 79.73    Compiling tracing-attributes v0.1.31
#32 82.12    Compiling tokio-macros v2.6.0
#32 82.16    Compiling displaydoc v0.2.5
#32 84.19    Compiling zerofrom v0.1.6
#32 84.86    Compiling yoke v0.8.1
#32 85.79    Compiling zerovec v0.11.5
#32 85.98    Compiling zerotrie v0.2.3
#32 86.07    Compiling tokio v1.48.0
#32 87.80    Compiling tracing v0.1.44
#32 88.97    Compiling openssl-macros v0.1.1
#32 90.27    Compiling tinystr v0.8.2
#32 90.45    Compiling potential_utf v0.1.4
#32 91.14    Compiling icu_locale_core v2.1.1
#32 91.28    Compiling icu_collections v2.1.1
#32 91.68    Compiling serde_derive v1.0.228
#32 94.57    Compiling regex-automata v0.4.13
#32 96.15    Compiling ppv-lite86 v0.2.21
#32 97.08    Compiling icu_provider v2.1.1
#32 98.81    Compiling icu_normalizer v2.1.1
#32 99.52    Compiling icu_properties v2.1.2
#32 109.0    Compiling idna_adapter v1.2.1
#32 109.4    Compiling idna v1.1.0
#32 111.1    Compiling heck v0.5.0
#32 112.5    Compiling clap_lex v0.7.6
#32 114.9    Compiling clap_builder v4.5.53
#32 118.3    Compiling serde_urlencoded v0.7.1
#32 119.0    Compiling clap_derive v4.5.49
#32 119.9    Compiling url v2.5.8
#32 123.6    Compiling tokio-util v0.7.18
#32 130.8    Compiling h2 v0.4.13
#32 131.9    Compiling tower v0.5.2
#32 133.0    Compiling tokio-native-tls v0.3.1
#32 133.8    Compiling matchers v0.2.0
#32 134.5    Compiling rand_chacha v0.9.0
#32 135.6    Compiling tower-http v0.6.8
#32 138.4    Compiling axum-core v0.5.6
#32 141.5    Compiling fd-lock v4.0.4
#32 141.6    Compiling rustls-pki-types v1.14.0
#32 142.1    Compiling thiserror-impl v1.0.69
#32 146.2    Compiling axum-macros v0.5.0
#32 147.8    Compiling sharded-slab v0.1.7
#32 148.5    Compiling radix_trie v0.2.1
#32 152.7    Compiling serde_path_to_error v0.1.20
#32 155.2    Compiling tracing-log v0.2.0
#32 155.2    Compiling thread_local v1.1.9
#32 155.8    Compiling encoding_rs v0.8.35
#32 156.5    Compiling unicode-width v0.2.2
#32 157.5    Compiling home v0.5.12
#32 158.0    Compiling hyper v1.8.1
#32 158.1    Compiling nu-ansi-term v0.50.3
#32 161.1    Compiling unicode-segmentation v1.12.0
#32 165.5    Compiling matchit v0.8.4
#32 167.5    Compiling hyper-util v0.1.19
#32 170.0    Compiling rustyline v17.0.2
#32 173.4    Compiling tracing-subscriber v0.3.22
#32 186.2    Compiling hyper-tls v0.6.0
#32 187.5    Compiling reqwest v0.12.28
#32 188.8    Compiling axum v0.8.8
#32 191.2    Compiling uuid v1.22.0
#32 193.9    Compiling rand v0.9.2
#32 195.4    Compiling clap v4.5.53
#32 195.8    Compiling dotenv v0.15.0
#32 216.4    Compiling gamey v0.1.0 (/app/gamey)
#32 218.8 warning: unused variable: `probability`
#32 218.8    --> src/bot/llm_bot.rs:233:13
#32 218.8     |
#32 218.8 233 |         let probability = self.difficulty.random_move_probability();
#32 218.8     |             ^^^^^^^^^^^ help: if this is intentional, prefix it with an underscore: `_probability`
#32 218.8     |
#32 218.8     = note: `#[warn(unused_variables)]` (part of `#[warn(unused)]`) on by default
#32 218.8 
#32 219.4 warning: method `should_make_random_move` is never used
#32 219.4    --> src/bot/llm_bot.rs:232:8
#32 219.4     |
#32 219.4 212 | impl LLMBot {
#32 219.4     | ----------- method in this implementation
#32 219.4 ...
#32 219.4 232 |     fn should_make_random_move(&self) -> bool {
#32 219.4     |        ^^^^^^^^^^^^^^^^^^^^^^^
#32 219.4     |
#32 219.4     = note: `#[warn(dead_code)]` (part of `#[warn(unused)]`) on by default
#32 219.4 
#32 234.5 warning: `gamey` (lib) generated 2 warnings (run `cargo fix --lib -p gamey` to apply 1 suggestion)
#32 244.8     Finished `release` profile [optimized] target(s) in 4m 04s
#32 DONE 245.3s

#37 [gamey stage-1 2/4] RUN apt-get update && apt-get install -y --no-install-recommends     libssl3     ca-certificates     && rm -rf /var/lib/apt/lists/*
#37 CACHED

#38 [gamey stage-1 3/4] WORKDIR /app/gamey
#38 CACHED

#39 [gamey stage-1 4/4] COPY --from=builder /app/gamey/target/release/gamey .
#39 DONE 0.2s

#40 [gamey] exporting to image
#40 exporting layers
#40 exporting layers 0.2s done
#40 writing image sha256:3ba3c136dc4ce6493984d9b72fa93907887656caa4d87bf16ce72abba5da2a11 done
#40 naming to ghcr.io/arquisoft/yovi_en3b-gamey:latest done
#40 DONE 0.2s

#41 [gamey] resolving provenance for metadata file
#41 DONE 0.0s
 Image ghcr.io/arquisoft/yovi_en3b-users:latest Built 
 Image ghcr.io/arquisoft/yovi_en3b-gamey:latest Built 
 Image ghcr.io/arquisoft/yovi_en3b-webapp:latest Built 
 Container mi_postgres_db Running 
 Container prometheus Running 
 Container gamey Recreate 
 Container grafana Running 
 Container users Running 
 Container gamey Recreated 
 Container webapp Recreate 
 Container webapp Recreated 
 Container gamey Starting 
 Container gamey Started 
 Container webapp Starting 
 Container webapp Started 
